MessagingStore.insert(...[{"from":{"jid":"test@prose.org","name":"test@prose.org"},"id":"message-id","content":"Hello World","reactions":[],"type":"text","date":"2022-08-09T22:00:00.000Z"}])