MessagingStore.interact("reactions", "message-id", true)